1.mp3
2.mp3
Touching playlist; should restart
1.mp3
Touching playlist; should restart again
1.mp3
